// Jest Snapshot v1, https://goo.gl/fbAQLP

exports[`Should render food form correctly 1`] = `
<div>
  <div
    className="content-container__background"
  >
    <div
      className="content-container__form"
    >
      <form
        className="form"
        onSubmit={[Function]}
      >
        <input
          className="text-input"
          onChange={[Function]}
          placeholder="Description"
          type="text"
          value=""
        />
        <h3
          className="form__heading"
        >
          SERVING INFORMATION
        </h3>
        <span
          className="text-input__span-container-form"
        >
          <input
            className="text-input"
            onChange={[Function]}
            placeholder="Serving Size"
            type="text"
            value=""
          />
          <select
            className="form-input-select"
            onChange={[Function]}
            required={false}
            value=""
          >
            <option
              hidden={true}
              value=""
            >
              Unit
            </option>
            <option
              value="g"
            >
              grams
            </option>
            <option
              value="oz"
            >
              ounces
            </option>
          </select>
        </span>
        <input
          className="text-input"
          onChange={[Function]}
          placeholder="Servings Per Container"
          type="text"
          value=""
        />
        <h3
          className="form__heading"
        >
          NUTRIONAL INFORMATION
        </h3>
        <input
          className="text-input"
          onChange={[Function]}
          placeholder="Energy in Kilo Calories"
          type="text"
          value=""
        />
        <span
          className="text-input__span-container-form"
        >
          <input
            className="text-input"
            onChange={[Function]}
            placeholder="Total Carbohydrates"
            type="text"
            value=""
          />
          <select
            className="form-input-select"
            onChange={[Function]}
            required={false}
            value=""
          >
            <option
              hidden={true}
              value=""
            >
              Unit
            </option>
            <option
              value="g"
            >
              grams
            </option>
            <option
              value="oz"
            >
              ounces
            </option>
          </select>
        </span>
        <span
          className="text-input__span-container-form"
        >
          <input
            className="text-input"
            onChange={[Function]}
            placeholder="Sugars"
            type="text"
            value=""
          />
          <select
            className="form-input-select"
            onChange={[Function]}
            required={false}
            value=""
          >
            <option
              hidden={true}
              value=""
            >
              Unit
            </option>
            <option
              value="g"
            >
              grams
            </option>
            <option
              value="oz"
            >
              ounces
            </option>
          </select>
        </span>
        <span
          className="text-input__span-container-form"
        >
          <input
            className="text-input"
            onChange={[Function]}
            placeholder="Protein"
            type="text"
            value=""
          />
          <select
            className="form-input-select"
            onChange={[Function]}
            required={false}
            value=""
          >
            <option
              hidden={true}
              value=""
            >
              Unit
            </option>
            <option
              value="g"
            >
              grams
            </option>
            <option
              value="oz"
            >
              ounces
            </option>
          </select>
        </span>
        <span
          className="text-input__span-container-form"
        >
          <input
            className="text-input"
            onChange={[Function]}
            placeholder="Total Fat"
            type="text"
            value=""
          />
          <select
            className="form-input-select"
            onChange={[Function]}
            required={false}
            value=""
          >
            <option
              hidden={true}
              value=""
            >
              Unit
            </option>
            <option
              value="g"
            >
              grams
            </option>
            <option
              value="oz"
            >
              ounces
            </option>
          </select>
        </span>
        <span
          className="text-input__span-container-form"
        >
          <input
            className="text-input"
            onChange={[Function]}
            placeholder="Saturated Fat"
            type="text"
            value=""
          />
          <select
            className="form-input-select"
            onChange={[Function]}
            required={false}
            value=""
          >
            <option
              hidden={true}
              value=""
            >
              Unit
            </option>
            <option
              value="g"
            >
              grams
            </option>
            <option
              value="oz"
            >
              ounces
            </option>
          </select>
        </span>
        <button
          className="button button--form"
        >
          Add Food
        </button>
      </form>
    </div>
  </div>
</div>
`;

exports[`Should render food form with filter data 1`] = `
<div>
  <div
    className="content-container__background"
  >
    <div
      className="content-container__form"
    >
      <form
        className="form"
        onSubmit={[Function]}
      >
        <input
          className="text-input"
          onChange={[Function]}
          placeholder="Description"
          type="text"
          value=""
        />
        <h3
          className="form__heading"
        >
          SERVING INFORMATION
        </h3>
        <span
          className="text-input__span-container-form"
        >
          <input
            className="text-input"
            onChange={[Function]}
            placeholder="Serving Size"
            type="text"
            value=""
          />
          <select
            className="form-input-select"
            onChange={[Function]}
            required={false}
            value=""
          >
            <option
              hidden={true}
              value=""
            >
              Unit
            </option>
            <option
              value="g"
            >
              grams
            </option>
            <option
              value="oz"
            >
              ounces
            </option>
          </select>
        </span>
        <input
          className="text-input"
          onChange={[Function]}
          placeholder="Servings Per Container"
          type="text"
          value=""
        />
        <h3
          className="form__heading"
        >
          NUTRIONAL INFORMATION
        </h3>
        <input
          className="text-input"
          onChange={[Function]}
          placeholder="Energy in Kilo Calories"
          type="text"
          value=""
        />
        <span
          className="text-input__span-container-form"
        >
          <input
            className="text-input"
            onChange={[Function]}
            placeholder="Total Carbohydrates"
            type="text"
            value=""
          />
          <select
            className="form-input-select"
            onChange={[Function]}
            required={false}
            value=""
          >
            <option
              hidden={true}
              value=""
            >
              Unit
            </option>
            <option
              value="g"
            >
              grams
            </option>
            <option
              value="oz"
            >
              ounces
            </option>
          </select>
        </span>
        <span
          className="text-input__span-container-form"
        >
          <input
            className="text-input"
            onChange={[Function]}
            placeholder="Sugars"
            type="text"
            value=""
          />
          <select
            className="form-input-select"
            onChange={[Function]}
            required={false}
            value=""
          >
            <option
              hidden={true}
              value=""
            >
              Unit
            </option>
            <option
              value="g"
            >
              grams
            </option>
            <option
              value="oz"
            >
              ounces
            </option>
          </select>
        </span>
        <span
          className="text-input__span-container-form"
        >
          <input
            className="text-input"
            onChange={[Function]}
            placeholder="Protein"
            type="text"
            value=""
          />
          <select
            className="form-input-select"
            onChange={[Function]}
            required={false}
            value=""
          >
            <option
              hidden={true}
              value=""
            >
              Unit
            </option>
            <option
              value="g"
            >
              grams
            </option>
            <option
              value="oz"
            >
              ounces
            </option>
          </select>
        </span>
        <span
          className="text-input__span-container-form"
        >
          <input
            className="text-input"
            onChange={[Function]}
            placeholder="Total Fat"
            type="text"
            value=""
          />
          <select
            className="form-input-select"
            onChange={[Function]}
            required={false}
            value=""
          >
            <option
              hidden={true}
              value=""
            >
              Unit
            </option>
            <option
              value="g"
            >
              grams
            </option>
            <option
              value="oz"
            >
              ounces
            </option>
          </select>
        </span>
        <span
          className="text-input__span-container-form"
        >
          <input
            className="text-input"
            onChange={[Function]}
            placeholder="Saturated Fat"
            type="text"
            value=""
          />
          <select
            className="form-input-select"
            onChange={[Function]}
            required={false}
            value=""
          >
            <option
              hidden={true}
              value=""
            >
              Unit
            </option>
            <option
              value="g"
            >
              grams
            </option>
            <option
              value="oz"
            >
              ounces
            </option>
          </select>
        </span>
        <button
          className="button button--form"
        >
          Add Food
        </button>
      </form>
    </div>
  </div>
</div>
`;
