// Jest Snapshot v1, https://goo.gl/fbAQLP

exports[`Should render login page correctly 1`] = `
<div
  className="loader__fade"
>
  <div
    className="box-layout"
  >
    <div
      className="box-layout__box"
    >
      <img
        className="image"
        src="/images/running-man-with-title.png"
      />
      <div
        className="box-layout__title"
      >
        <div>
          <input
            className="button__image"
            onClick={[Function]}
            src="/images/google-button-pressed.png"
            type="image"
          />
          <input
            className="button__image"
            onClick={[Function]}
            src="/images/twitter-button-pressed.png"
            type="image"
          />
        </div>
      </div>
    </div>
  </div>
</div>
`;
